sweep_storage_loop_wallclock n-tile=4194304 tiles=3 trip=2 k_ref=32
s2c2-ascend-run hardware_id=ascend910b:ascend sched=npu-async map=default device=npu sync=named-nonblocking
s2c2-ascend-run workload compute=elemwise
s2c2-ascend-run workload transfer=host_to_device|device_to_host
s2c2-ascend-run note workload-semantic-ne-kernel-backend
s2c2-ascend-run timing=host-wall-clock
s2c2-ascend-run timing completion=s0,s1
s2c2-ascend-run storage-loop-wallclock=1
s2c2-ascend-run storage-loop-wallclock program-measurement=yes
s2c2-ascend-run storage-loop-wallclock note scf-for-software-pipeline
s2c2-ascend-run storage-loop-wallclock note not-arbitrary-runtime-n
s2c2-ascend-run storage-loop-wallclock note compute-then-prefetch-next
s2c2-ascend-run storage-loop-wallclock n-tile=4194304 tiles=3 trip=2 k_ref=32
s2c2-ascend-run storage-loop-wallclock measured=yes
s2c2-ascend-run storage-loop-wallclock timing seq=8331.8 evi=6616.9 par=6772.3 opt_over_base=0.794
s2c2-ascend-run storage-loop-wallclock correctness=1
s2c2-ascend-run storage-loop-wallclock evi=keep-C||Storage
s2c2-ascend-run storage-loop-wallclock note evi-eq-par
s2c2-ascend-run storage-loop-wallclock note catalog-untouched
s2c2-ascend-run storage-loop-wallclock note logical-ssd-ne-disk
s2c2-ascend-run storage-loop-wallclock note not-cost-v04
s2c2-ascend-run storage-loop-wallclock cost=unchanged semantics=unchanged v3=not-claimed
