sweep_storage_hierarchy_measured n-tile=4194304 k_ref=32 arms=8
s2c2-cuda-run hardware_id=rtx4090:cuda sched=gpu-async map=default device=gpu sync=named-nonblocking
s2c2-cuda-run storage-hierarchy-measured=1
s2c2-cuda-run storage-hierarchy-measured program-measurement=yes
s2c2-cuda-run storage-hierarchy-measured note one-arm-per-signature
s2c2-cuda-run storage-hierarchy-measured note measurement-cannot-expand-F
s2c2-cuda-run storage-hierarchy-measured note keep-residency-ne-rewrite
s2c2-cuda-run storage-hierarchy-measured n-tile=4194304 k_ref=32 arms=8
s2c2-cuda-run storage-hierarchy-measured measured=yes
s2c2-cuda-run storage-hierarchy-measured signature=MATERIALIZE//MATERIALIZE//MATERIALIZE|TRANSFER//PREFETCH|TRANSFER|KEEP_RESIDENCY|KEEP_RESIDENCY timing=5191.4 correctness=1
s2c2-cuda-run storage-hierarchy-measured signature=MATERIALIZE//MATERIALIZE//MATERIALIZE|TRANSFER//PREFETCH|TRANSFER|KEEP_RESIDENCY|TRANSFER timing=5741.3 correctness=1
s2c2-cuda-run storage-hierarchy-measured signature=MATERIALIZE//MATERIALIZE//MATERIALIZE|TRANSFER//PREFETCH|TRANSFER|TRANSFER|KEEP_RESIDENCY timing=6902.8 correctness=1
s2c2-cuda-run storage-hierarchy-measured signature=MATERIALIZE//MATERIALIZE//MATERIALIZE|TRANSFER//PREFETCH|TRANSFER|TRANSFER|TRANSFER timing=7370.2 correctness=1
s2c2-cuda-run storage-hierarchy-measured signature=MATERIALIZE//MATERIALIZE//MATERIALIZE|TRANSFER//PRESERVE|TRANSFER|KEEP_RESIDENCY|KEEP_RESIDENCY timing=5498.0 correctness=1
s2c2-cuda-run storage-hierarchy-measured signature=MATERIALIZE//MATERIALIZE//MATERIALIZE|TRANSFER//PRESERVE|TRANSFER|KEEP_RESIDENCY|TRANSFER timing=6567.0 correctness=1
s2c2-cuda-run storage-hierarchy-measured signature=MATERIALIZE//MATERIALIZE//MATERIALIZE|TRANSFER//PRESERVE|TRANSFER|TRANSFER|KEEP_RESIDENCY timing=7076.8 correctness=1
s2c2-cuda-run storage-hierarchy-measured signature=MATERIALIZE//MATERIALIZE//MATERIALIZE|TRANSFER//PRESERVE|TRANSFER|TRANSFER|TRANSFER timing=7904.2 correctness=1
s2c2-cuda-run storage-hierarchy-measured count=8 note one-row-per-signature
s2c2-cuda-run storage-hierarchy-measured note catalog-untouched
s2c2-cuda-run storage-hierarchy-measured note not-pipeline-s0-s1
s2c2-cuda-run storage-hierarchy-measured note not-cost-v04
s2c2-cuda-run storage-hierarchy-measured note measured-ne-rewrite-license
s2c2-cuda-run storage-hierarchy-measured cost=unchanged semantics=unchanged v3=not-claimed
